{"level":"info","ts":1721036472.5189438,"msg":"hi logger"}
{"level":"info","ts":1721036523.8216038,"msg":"error, not BookTitle in request"}
